// Jest Snapshot v1, https://goo.gl/fbAQLP

exports[`jest/example-13 âˆ’ 'add' function: should match its snapshot 1`] = `5`;
